#-----------------------------------------------------------
# Vivado v2024.1.2 (64-bit)
# SW Build 5164865 on Thu Sep  5 14:37:11 MDT 2024
# IP Build 5164407 on Fri Sep  6 08:18:11 MDT 2024
# SharedData Build 5164864 on Thu Sep 05 13:09:09 MDT 2024
# Start of session at: Fri Jan 31 02:18:22 2025
# Process ID: 12856
# Current directory: C:/Users/kwokt/Desktop/goossens-book-ip-projects-main/2024.1/chapter_2
# Command line: vivado.exe -gui_launcher_event rodinguilauncherevent7816 C:\Users\kwokt\Desktop\goossens-book-ip-projects-main\2024.1\chapter_2\project_1.xpr
# Log file: C:/Users/kwokt/Desktop/goossens-book-ip-projects-main/2024.1/chapter_2/vivado.log
# Journal file: C:/Users/kwokt/Desktop/goossens-book-ip-projects-main/2024.1/chapter_2\vivado.jou
# Running On        :DESKTOP-Q1LROLE
# Platform          :Windows Server 2016 or Windows 10
# Operating System  :19045
# Processor Detail  :11th Gen Intel(R) Core(TM) i5-11400F @ 2.60GHz
# CPU Frequency     :2592 MHz
# CPU Physical cores:6
# CPU Logical cores :12
# Host memory       :17028 MB
# Swap memory       :10737 MB
# Total Virtual     :27765 MB
# Available Virtual :10830 MB
#-----------------------------------------------------------
start_gui
open_project C:/Users/kwokt/Desktop/goossens-book-ip-projects-main/2024.1/chapter_2/project_1.xpr
update_compile_order -fileset sources_1
synth_design -top design_1_wrapper -part xc7z020clg400-1 -lint 
reset_run synth_1
launch_runs synth_1 -jobs 6
wait_on_run synth_1
launch_simulation
launch_runs impl_1 -jobs 6
wait_on_run impl_1
reset_run impl_1
